=== TEST RUN STARTED ===
Login Test: PASS
Cart Test: FAIL
Checkout Test: PASS
